<?xml version="1.0" encoding="UTF-8"?>
<TestRun id="5c2bbf10-e8d6-4769-a445-292ec35928b3" name="Karina@KARINA-PC 2011-01-08 21:17:08" runUser="Karina-PC\Karina" xmlns="http://microsoft.com/schemas/VisualStudio/TeamTest/2010">
  <TestSettings name="Local" id="7cfd8a5e-6f90-483e-897f-91d4db45673e">
    <Description>These are default test settings for a local test run.</Description>
    <Deployment enabled="false" runDeploymentRoot="Karina_KARINA-PC 2011-01-08 21_17_08">
      <DeploymentItem filename="C:\Users\Karina\Documents\VisualStudio2010\Projects\Folha_de_Ponto\Folha_de_Ponto.Dominio\bin\Debug\Folha_de_Ponto.Dominio.dll" />
    </Deployment>
    <Execution>
      <TestTypeSpecific />
      <AgentRule name="Execution Agents">
      </AgentRule>
    </Execution>
  </TestSettings>
  <Times creation="2011-01-08T21:17:08.4827463-02:00" queuing="2011-01-08T21:17:08.4983463-02:00" start="2011-01-08T21:17:08.5451464-02:00" finish="2011-01-08T21:17:09.0911474-02:00" />
  <ResultSummary outcome="Failed">
    <Counters total="3" executed="3" passed="2" error="0" failed="1" timeout="0" aborted="0" inconclusive="0" passedButRunAborted="0" notRunnable="0" notExecuted="0" disconnected="0" warning="0" completed="0" inProgress="0" pending="0" />
  </ResultSummary>
  <TestDefinitions>
    <UnitTest name="nome_do_cliente_não_pode_ser_vazio" storage="c:\users\karina\documents\visualstudio2010\projects\folha_de_ponto\folha_de_ponto.teste\bin\debug\folha_de_ponto.teste.dll" id="272aedbe-ec3b-2d32-bbf8-2956aff68731">
      <Execution id="d3849350-ac9e-44ef-9a49-2f111fbb1ce8" />
      <TestMethod codeBase="C:/Users/Karina/Documents/VisualStudio2010/Projects/Folha_de_Ponto/Folha_de_Ponto.Teste/bin/Debug/Folha_de_Ponto.Teste.DLL" adapterTypeName="Microsoft.VisualStudio.TestTools.TestTypes.Unit.UnitTestAdapter, Microsoft.VisualStudio.QualityTools.Tips.UnitTest.Adapter, Version=10.0.0.0, Culture=neutral, PublicKeyToken=b03f5f7f11d50a3a" className="Folha_de_Ponto.Teste.Dado_Um_Cliente, Folha_de_Ponto.Teste, Version=1.0.0.0, Culture=neutral, PublicKeyToken=null" name="nome_do_cliente_não_pode_ser_vazio" />
    </UnitTest>
    <UnitTest name="Telefone_do_Cliente_nao_pode_ter_mais_de_15_caracteres" storage="c:\users\karina\documents\visualstudio2010\projects\folha_de_ponto\folha_de_ponto.teste\bin\debug\folha_de_ponto.teste.dll" id="344478ec-1274-d146-7820-08d7b266b787">
      <Execution id="79b49692-bb85-4f07-a81d-860b8cee293b" />
      <TestMethod codeBase="C:/Users/Karina/Documents/VisualStudio2010/Projects/Folha_de_Ponto/Folha_de_Ponto.Teste/bin/Debug/Folha_de_Ponto.Teste.DLL" adapterTypeName="Microsoft.VisualStudio.TestTools.TestTypes.Unit.UnitTestAdapter, Microsoft.VisualStudio.QualityTools.Tips.UnitTest.Adapter, Version=10.0.0.0, Culture=neutral, PublicKeyToken=b03f5f7f11d50a3a" className="Folha_de_Ponto.Teste.Dado_Um_Cliente, Folha_de_Ponto.Teste, Version=1.0.0.0, Culture=neutral, PublicKeyToken=null" name="Telefone_do_Cliente_nao_pode_ter_mais_de_15_caracteres" />
    </UnitTest>
    <UnitTest name="não_pode_criar_cliente_sem_nome" storage="c:\users\karina\documents\visualstudio2010\projects\folha_de_ponto\folha_de_ponto.teste\bin\debug\folha_de_ponto.teste.dll" id="0dd8cff1-e7a1-1c38-9b1e-7393ab85a36a">
      <Execution id="5de2bb09-41af-4c6c-b82a-e67dfd8d5f7c" />
      <TestMethod codeBase="C:/Users/Karina/Documents/VisualStudio2010/Projects/Folha_de_Ponto/Folha_de_Ponto.Teste/bin/Debug/Folha_de_Ponto.Teste.DLL" adapterTypeName="Microsoft.VisualStudio.TestTools.TestTypes.Unit.UnitTestAdapter, Microsoft.VisualStudio.QualityTools.Tips.UnitTest.Adapter, Version=10.0.0.0, Culture=neutral, PublicKeyToken=b03f5f7f11d50a3a" className="Folha_de_Ponto.Teste.Dado_Um_Cliente, Folha_de_Ponto.Teste, Version=1.0.0.0, Culture=neutral, PublicKeyToken=null" name="não_pode_criar_cliente_sem_nome" />
    </UnitTest>
  </TestDefinitions>
  <TestLists>
    <TestList name="Results Not in a List" id="8c84fa94-04c1-424b-9868-57a2d4851a1d" />
    <TestList name="All Loaded Results" id="19431567-8539-422a-85d7-44ee4e166bda" />
  </TestLists>
  <TestEntries>
    <TestEntry testId="0dd8cff1-e7a1-1c38-9b1e-7393ab85a36a" executionId="5de2bb09-41af-4c6c-b82a-e67dfd8d5f7c" testListId="8c84fa94-04c1-424b-9868-57a2d4851a1d" />
    <TestEntry testId="272aedbe-ec3b-2d32-bbf8-2956aff68731" executionId="d3849350-ac9e-44ef-9a49-2f111fbb1ce8" testListId="8c84fa94-04c1-424b-9868-57a2d4851a1d" />
    <TestEntry testId="344478ec-1274-d146-7820-08d7b266b787" executionId="79b49692-bb85-4f07-a81d-860b8cee293b" testListId="8c84fa94-04c1-424b-9868-57a2d4851a1d" />
  </TestEntries>
  <Results>
    <UnitTestResult executionId="5de2bb09-41af-4c6c-b82a-e67dfd8d5f7c" testId="0dd8cff1-e7a1-1c38-9b1e-7393ab85a36a" testName="não_pode_criar_cliente_sem_nome" computerName="KARINA-PC" duration="00:00:00.0211140" startTime="2011-01-08T21:17:08.6543466-02:00" endTime="2011-01-08T21:17:09.0131472-02:00" testType="13cdc9d9-ddb5-4fa4-a97d-d965ccfc6d4b" outcome="Passed" testListId="8c84fa94-04c1-424b-9868-57a2d4851a1d" relativeResultsDirectory="5de2bb09-41af-4c6c-b82a-e67dfd8d5f7c">
    </UnitTestResult>
    <UnitTestResult executionId="d3849350-ac9e-44ef-9a49-2f111fbb1ce8" testId="272aedbe-ec3b-2d32-bbf8-2956aff68731" testName="nome_do_cliente_não_pode_ser_vazio" computerName="KARINA-PC" duration="00:00:00.0030366" startTime="2011-01-08T21:17:09.0287472-02:00" endTime="2011-01-08T21:17:09.0287472-02:00" testType="13cdc9d9-ddb5-4fa4-a97d-d965ccfc6d4b" outcome="Passed" testListId="8c84fa94-04c1-424b-9868-57a2d4851a1d" relativeResultsDirectory="d3849350-ac9e-44ef-9a49-2f111fbb1ce8">
    </UnitTestResult>
    <UnitTestResult executionId="79b49692-bb85-4f07-a81d-860b8cee293b" testId="344478ec-1274-d146-7820-08d7b266b787" testName="Telefone_do_Cliente_nao_pode_ter_mais_de_15_caracteres" computerName="KARINA-PC" duration="00:00:00.0116871" startTime="2011-01-08T21:17:09.0443473-02:00" endTime="2011-01-08T21:17:09.0599473-02:00" testType="13cdc9d9-ddb5-4fa4-a97d-d965ccfc6d4b" outcome="Failed" testListId="8c84fa94-04c1-424b-9868-57a2d4851a1d" relativeResultsDirectory="79b49692-bb85-4f07-a81d-860b8cee293b">
      <Output>
        <ErrorInfo>
          <Message>Test method Folha_de_Ponto.Teste.Dado_Um_Cliente.Telefone_do_Cliente_nao_pode_ter_mais_de_15_caracteres did not throw expected exception System.Exception.</Message>
        </ErrorInfo>
      </Output>
    </UnitTestResult>
  </Results>
</TestRun>